<?xml version="1.0" encoding="utf-8"?>
<CoverageSession xmlns:xsd="http://www.w3.org/2001/XMLSchema" xmlns:xsi="http://www.w3.org/2001/XMLSchema-instance">
  <Summary numSequencePoints="8" visitedSequencePoints="8" numBranchPoints="2" visitedBranchPoints="2" sequenceCoverage="100" branchCoverage="100" maxCyclomaticComplexity="1" minCyclomaticComplexity="1" visitedClasses="1" numClasses="1" visitedMethods="2" numMethods="2" />
  <Modules>
    <Module skippedDueTo="Filter" hash="D8-53-B0-07-8D-F9-9A-13-7D-98-00-E6-F2-C4-C4-74-70-5D-80-7A">
      <ModulePath>C:\Windows\Microsoft.Net\assembly\GAC_64\mscorlib\v4.0_4.0.0.0__b77a5c561934e089\mscorlib.dll</ModulePath>
      <ModuleTime>2016-03-10T10:24:22.4592165Z</ModuleTime>
      <ModuleName>mscorlib</ModuleName>
      <Classes />
    </Module>
    <Module skippedDueTo="Filter" hash="A0-13-70-5B-0F-CD-BB-71-34-C8-6E-8A-9A-2E-A1-8C-9B-38-AD-9B">
      <ModulePath>C:\Users\guy\dev\SomeCompany.DemoLibrary\packages\NUnit.ConsoleRunner.3.5.0\tools\nunit3-console.exe</ModulePath>
      <ModuleTime>2016-10-11T19:54:10Z</ModuleTime>
      <ModuleName>nunit3-console</ModuleName>
      <Classes />
    </Module>
    <Module skippedDueTo="Filter" hash="EE-77-8B-34-FE-47-61-EA-AD-62-7D-B3-79-79-9C-B7-64-F3-12-03">
      <ModulePath>C:\Windows\Microsoft.Net\assembly\GAC_MSIL\System\v4.0_4.0.0.0__b77a5c561934e089\System.dll</ModulePath>
      <ModuleTime>2016-03-10T10:24:24.8393067Z</ModuleTime>
      <ModuleName>System</ModuleName>
      <Classes />
    </Module>
    <Module skippedDueTo="Filter" hash="23-9B-37-CD-E3-B0-C3-B3-4C-72-D5-84-68-14-6B-07-67-29-6F-32">
      <ModulePath>C:\Users\guy\dev\SomeCompany.DemoLibrary\packages\NUnit.ConsoleRunner.3.5.0\tools\nunit.engine.api.dll</ModulePath>
      <ModuleTime>2016-10-11T19:54:10Z</ModuleTime>
      <ModuleName>nunit.engine.api</ModuleName>
      <Classes />
    </Module>
    <Module skippedDueTo="Filter" hash="35-46-24-68-5F-DE-7C-88-C7-BB-2B-7C-F8-A9-B7-FA-F8-8C-58-4D">
      <ModulePath>C:\Users\guy\dev\SomeCompany.DemoLibrary\packages\NUnit.ConsoleRunner.3.5.0\tools\nunit.engine.dll</ModulePath>
      <ModuleTime>2016-10-11T19:54:10Z</ModuleTime>
      <ModuleName>nunit.engine</ModuleName>
      <Classes />
    </Module>
    <Module skippedDueTo="Filter" hash="35-46-24-68-5F-DE-7C-88-C7-BB-2B-7C-F8-A9-B7-FA-F8-8C-58-4D">
      <ModulePath>C:\Users\guy\dev\SomeCompany.DemoLibrary\packages\NUnit.ConsoleRunner.3.5.0\tools\nunit.engine.dll</ModulePath>
      <ModuleTime>2016-10-11T19:54:10Z</ModuleTime>
      <ModuleName>nunit.engine</ModuleName>
      <Classes />
    </Module>
    <Module skippedDueTo="Filter" hash="F7-E9-75-D6-35-98-70-4A-0F-45-76-1B-B3-83-70-38-5E-DF-02-47">
      <ModulePath>C:\Windows\Microsoft.Net\assembly\GAC_MSIL\System.Xml\v4.0_4.0.0.0__b77a5c561934e089\System.Xml.dll</ModulePath>
      <ModuleTime>2016-03-10T10:24:24.8442961Z</ModuleTime>
      <ModuleName>System.Xml</ModuleName>
      <Classes />
    </Module>
    <Module skippedDueTo="Filter" hash="F3-16-D4-5E-C5-50-B3-22-7B-4E-24-71-CD-D2-35-E6-9C-74-2B-E4">
      <ModulePath>C:\Windows\Microsoft.Net\assembly\GAC_64\System.Web\v4.0_4.0.0.0__b03f5f7f11d50a3a\System.Web.dll</ModulePath>
      <ModuleTime>2016-03-10T10:24:22.1782334Z</ModuleTime>
      <ModuleName>System.Web</ModuleName>
      <Classes />
    </Module>
    <Module skippedDueTo="Filter" hash="8A-2E-8F-D6-9D-39-02-4A-2F-30-FC-06-42-F7-0F-A8-32-69-07-72">
      <ModulePath>C:\Users\guy\dev\SomeCompany.DemoLibrary\packages\NUnit.ConsoleRunner.3.5.0\tools\Mono.Cecil.dll</ModulePath>
      <ModuleTime>2016-10-11T19:54:10Z</ModuleTime>
      <ModuleName>Mono.Cecil</ModuleName>
      <Classes />
    </Module>
    <Module skippedDueTo="Filter" hash="0F-6F-F3-F5-1C-3A-A7-26-E2-D9-16-C9-A4-9C-AD-C3-B6-CA-24-A2">
      <ModulePath>C:\Windows\Microsoft.Net\assembly\GAC_MSIL\System.Runtime.Remoting\v4.0_4.0.0.0__b77a5c561934e089\System.Runtime.Remoting.dll</ModulePath>
      <ModuleTime>2016-03-10T10:24:24.9163034Z</ModuleTime>
      <ModuleName>System.Runtime.Remoting</ModuleName>
      <Classes />
    </Module>
    <Module skippedDueTo="Filter" hash="9C-DB-95-DC-25-D5-38-7E-C2-3A-20-8F-14-5D-A9-56-2A-D7-00-E3">
      <ModulePath>C:\Windows\Microsoft.Net\assembly\GAC_MSIL\System.Configuration\v4.0_4.0.0.0__b03f5f7f11d50a3a\System.Configuration.dll</ModulePath>
      <ModuleTime>2016-03-10T10:24:24.9702848Z</ModuleTime>
      <ModuleName>System.Configuration</ModuleName>
      <Classes />
    </Module>
    <Module skippedDueTo="Filter" hash="D8-53-B0-07-8D-F9-9A-13-7D-98-00-E6-F2-C4-C4-74-70-5D-80-7A">
      <ModulePath>C:\Windows\Microsoft.Net\assembly\GAC_64\mscorlib\v4.0_4.0.0.0__b77a5c561934e089\mscorlib.dll</ModulePath>
      <ModuleTime>2016-03-10T10:24:22.4592165Z</ModuleTime>
      <ModuleName>mscorlib</ModuleName>
      <Classes />
    </Module>
    <Module skippedDueTo="Filter" hash="AB-84-7C-11-E5-DD-09-44-4B-08-A7-34-46-68-8B-BB-1B-1C-31-D2">
      <ModulePath>C:\Users\guy\dev\SomeCompany.DemoLibrary\packages\NUnit.ConsoleRunner.3.5.0\tools\nunit-agent.exe</ModulePath>
      <ModuleTime>2016-10-11T19:54:10Z</ModuleTime>
      <ModuleName>nunit-agent</ModuleName>
      <Classes />
    </Module>
    <Module skippedDueTo="Filter" hash="35-46-24-68-5F-DE-7C-88-C7-BB-2B-7C-F8-A9-B7-FA-F8-8C-58-4D">
      <ModulePath>C:\Users\guy\dev\SomeCompany.DemoLibrary\packages\NUnit.ConsoleRunner.3.5.0\tools\nunit.engine.dll</ModulePath>
      <ModuleTime>2016-10-11T19:54:10Z</ModuleTime>
      <ModuleName>nunit.engine</ModuleName>
      <Classes />
    </Module>
    <Module skippedDueTo="Filter" hash="23-9B-37-CD-E3-B0-C3-B3-4C-72-D5-84-68-14-6B-07-67-29-6F-32">
      <ModulePath>C:\Users\guy\dev\SomeCompany.DemoLibrary\packages\NUnit.ConsoleRunner.3.5.0\tools\nunit.engine.api.dll</ModulePath>
      <ModuleTime>2016-10-11T19:54:10Z</ModuleTime>
      <ModuleName>nunit.engine.api</ModuleName>
      <Classes />
    </Module>
    <Module skippedDueTo="Filter" hash="EE-77-8B-34-FE-47-61-EA-AD-62-7D-B3-79-79-9C-B7-64-F3-12-03">
      <ModulePath>C:\Windows\Microsoft.Net\assembly\GAC_MSIL\System\v4.0_4.0.0.0__b77a5c561934e089\System.dll</ModulePath>
      <ModuleTime>2016-03-10T10:24:24.8393067Z</ModuleTime>
      <ModuleName>System</ModuleName>
      <Classes />
    </Module>
    <Module skippedDueTo="Filter" hash="0F-6F-F3-F5-1C-3A-A7-26-E2-D9-16-C9-A4-9C-AD-C3-B6-CA-24-A2">
      <ModulePath>C:\Windows\Microsoft.Net\assembly\GAC_MSIL\System.Runtime.Remoting\v4.0_4.0.0.0__b77a5c561934e089\System.Runtime.Remoting.dll</ModulePath>
      <ModuleTime>2016-03-10T10:24:24.9163034Z</ModuleTime>
      <ModuleName>System.Runtime.Remoting</ModuleName>
      <Classes />
    </Module>
    <Module skippedDueTo="Filter" hash="F7-E9-75-D6-35-98-70-4A-0F-45-76-1B-B3-83-70-38-5E-DF-02-47">
      <ModulePath>C:\Windows\Microsoft.Net\assembly\GAC_MSIL\System.Xml\v4.0_4.0.0.0__b77a5c561934e089\System.Xml.dll</ModulePath>
      <ModuleTime>2016-03-10T10:24:24.8442961Z</ModuleTime>
      <ModuleName>System.Xml</ModuleName>
      <Classes />
    </Module>
    <Module skippedDueTo="Filter" hash="F3-16-D4-5E-C5-50-B3-22-7B-4E-24-71-CD-D2-35-E6-9C-74-2B-E4">
      <ModulePath>C:\Windows\Microsoft.Net\assembly\GAC_64\System.Web\v4.0_4.0.0.0__b03f5f7f11d50a3a\System.Web.dll</ModulePath>
      <ModuleTime>2016-03-10T10:24:22.1782334Z</ModuleTime>
      <ModuleName>System.Web</ModuleName>
      <Classes />
    </Module>
    <Module skippedDueTo="Filter" hash="8A-2E-8F-D6-9D-39-02-4A-2F-30-FC-06-42-F7-0F-A8-32-69-07-72">
      <ModulePath>C:\Users\guy\dev\SomeCompany.DemoLibrary\packages\NUnit.ConsoleRunner.3.5.0\tools\Mono.Cecil.dll</ModulePath>
      <ModuleTime>2016-10-11T19:54:10Z</ModuleTime>
      <ModuleName>Mono.Cecil</ModuleName>
      <Classes />
    </Module>
    <Module skippedDueTo="Filter" hash="9C-DB-95-DC-25-D5-38-7E-C2-3A-20-8F-14-5D-A9-56-2A-D7-00-E3">
      <ModulePath>C:\Windows\Microsoft.Net\assembly\GAC_MSIL\System.Configuration\v4.0_4.0.0.0__b03f5f7f11d50a3a\System.Configuration.dll</ModulePath>
      <ModuleTime>2016-03-10T10:24:24.9702848Z</ModuleTime>
      <ModuleName>System.Configuration</ModuleName>
      <Classes />
    </Module>
    <Module skippedDueTo="Filter" hash="E7-66-5A-18-D3-04-27-DC-E1-A7-6B-CE-09-1D-64-31-67-96-A3-8F">
      <ModulePath>C:\Users\guy\dev\SomeCompany.DemoLibrary\SomeCompany.DemoLibrary.Tests\bin\Debug\nunit.framework.dll</ModulePath>
      <ModuleTime>2016-10-03T19:52:56Z</ModuleTime>
      <ModuleName>nunit.framework</ModuleName>
      <Classes />
    </Module>
    <Module skippedDueTo="Filter" hash="EE-77-8B-34-FE-47-61-EA-AD-62-7D-B3-79-79-9C-B7-64-F3-12-03">
      <ModulePath>C:\Windows\Microsoft.Net\assembly\GAC_MSIL\System\v4.0_4.0.0.0__b77a5c561934e089\System.dll</ModulePath>
      <ModuleTime>2016-03-10T10:24:24.8393067Z</ModuleTime>
      <ModuleName>System</ModuleName>
      <Classes />
    </Module>
    <Module skippedDueTo="Filter" hash="31-76-6A-81-5B-45-2B-B2-02-8C-E4-69-D2-C3-8F-87-B1-54-25-E8">
      <ModulePath>C:\Windows\Microsoft.Net\assembly\GAC_MSIL\System.Core\v4.0_4.0.0.0__b77a5c561934e089\System.Core.dll</ModulePath>
      <ModuleTime>2016-03-10T10:24:24.9682923Z</ModuleTime>
      <ModuleName>System.Core</ModuleName>
      <Classes />
    </Module>
    <Module skippedDueTo="Filter" hash="F3-16-D4-5E-C5-50-B3-22-7B-4E-24-71-CD-D2-35-E6-9C-74-2B-E4">
      <ModulePath>C:\Windows\Microsoft.Net\assembly\GAC_64\System.Web\v4.0_4.0.0.0__b03f5f7f11d50a3a\System.Web.dll</ModulePath>
      <ModuleTime>2016-03-10T10:24:22.1782334Z</ModuleTime>
      <ModuleName>System.Web</ModuleName>
      <Classes />
    </Module>
    <Module skippedDueTo="Filter" hash="1E-36-91-59-CA-40-76-CD-A0-B3-74-ED-3A-32-12-7A-F3-D0-4D-79">
      <ModulePath>C:\Users\guy\dev\SomeCompany.DemoLibrary\SomeCompany.DemoLibrary.Tests\bin\Debug\SomeCompany.DemoLibrary.Tests.dll</ModulePath>
      <ModuleTime>2016-10-19T16:09:15.307971Z</ModuleTime>
      <ModuleName>SomeCompany.DemoLibrary.Tests</ModuleName>
      <Classes />
    </Module>
    <Module skippedDueTo="Filter" hash="F7-E9-75-D6-35-98-70-4A-0F-45-76-1B-B3-83-70-38-5E-DF-02-47">
      <ModulePath>C:\Windows\Microsoft.Net\assembly\GAC_MSIL\System.Xml\v4.0_4.0.0.0__b77a5c561934e089\System.Xml.dll</ModulePath>
      <ModuleTime>2016-03-10T10:24:24.8442961Z</ModuleTime>
      <ModuleName>System.Xml</ModuleName>
      <Classes />
    </Module>
    <Module hash="74-0A-67-C1-DC-2A-D8-83-EA-06-15-15-1D-4B-DB-D5-85-8B-B1-2C">
      <Summary numSequencePoints="8" visitedSequencePoints="8" numBranchPoints="2" visitedBranchPoints="2" sequenceCoverage="100" branchCoverage="100" maxCyclomaticComplexity="1" minCyclomaticComplexity="1" visitedClasses="1" numClasses="1" visitedMethods="2" numMethods="2" />
      <ModulePath>C:\Users\guy\dev\SomeCompany.DemoLibrary\SomeCompany.DemoLibrary.Tests\bin\Debug\SomeCompany.DemoLibrary.dll</ModulePath>
      <ModuleTime>2016-10-19T16:09:14.4519714Z</ModuleTime>
      <ModuleName>SomeCompany.DemoLibrary</ModuleName>
      <Files>
        <File uid="1" fullPath="C:\Users\guy\dev\SomeCompany.DemoLibrary\SomeCompany.DemoLibrary\SomeComponent.cs" />
      </Files>
      <Classes>
        <Class>
          <Summary numSequencePoints="0" visitedSequencePoints="0" numBranchPoints="0" visitedBranchPoints="0" sequenceCoverage="0" branchCoverage="0" maxCyclomaticComplexity="0" minCyclomaticComplexity="0" visitedClasses="0" numClasses="0" visitedMethods="0" numMethods="0" />
          <FullName>&lt;Module&gt;</FullName>
          <Methods />
        </Class>
        <Class>
          <Summary numSequencePoints="8" visitedSequencePoints="8" numBranchPoints="2" visitedBranchPoints="2" sequenceCoverage="100" branchCoverage="100" maxCyclomaticComplexity="1" minCyclomaticComplexity="1" visitedClasses="1" numClasses="1" visitedMethods="2" numMethods="2" />
          <FullName>SomeCompany.DemoLibrary.SomeComponent</FullName>
          <Methods>
            <Method visited="true" cyclomaticComplexity="1" nPathComplexity="0" sequenceCoverage="100" branchCoverage="100" isConstructor="true" isStatic="false" isGetter="false" isSetter="false">
              <Summary numSequencePoints="4" visitedSequencePoints="4" numBranchPoints="1" visitedBranchPoints="1" sequenceCoverage="100" branchCoverage="100" maxCyclomaticComplexity="1" minCyclomaticComplexity="1" visitedClasses="0" numClasses="0" visitedMethods="1" numMethods="1" />
              <MetadataToken>100663297</MetadataToken>
              <Name>System.Void SomeCompany.DemoLibrary.SomeComponent::.ctor(SomeCompany.DemoLibrary.IProvideYear)</Name>
              <FileRef uid="1" />
              <SequencePoints>
                <SequencePoint vc="1" uspid="1" ordinal="0" offset="0" sl="7" sc="9" el="7" ec="56" bec="0" bev="0" fileid="1" />
                <SequencePoint vc="1" uspid="2" ordinal="1" offset="7" sl="8" sc="9" el="8" ec="10" bec="0" bev="0" fileid="1" />
                <SequencePoint vc="1" uspid="3" ordinal="2" offset="8" sl="9" sc="13" el="9" ec="42" bec="0" bev="0" fileid="1" />
                <SequencePoint vc="1" uspid="4" ordinal="3" offset="15" sl="10" sc="9" el="10" ec="10" bec="0" bev="0" fileid="1" />
              </SequencePoints>
              <BranchPoints />
              <MethodPoint xsi:type="SequencePoint" vc="1" uspid="1" ordinal="0" offset="0" sl="7" sc="9" el="7" ec="56" bec="0" bev="0" fileid="1" />
            </Method>
            <Method visited="true" cyclomaticComplexity="1" nPathComplexity="0" sequenceCoverage="100" branchCoverage="100" isConstructor="false" isStatic="false" isGetter="false" isSetter="false">
              <Summary numSequencePoints="4" visitedSequencePoints="4" numBranchPoints="1" visitedBranchPoints="1" sequenceCoverage="100" branchCoverage="100" maxCyclomaticComplexity="1" minCyclomaticComplexity="1" visitedClasses="0" numClasses="0" visitedMethods="1" numMethods="1" />
              <MetadataToken>100663298</MetadataToken>
              <Name>System.Int32 SomeCompany.DemoLibrary.SomeComponent::DoSomething(System.Int32,System.Int32)</Name>
              <FileRef uid="1" />
              <SequencePoints>
                <SequencePoint vc="1" uspid="5" ordinal="0" offset="0" sl="13" sc="9" el="13" ec="10" bec="0" bev="0" fileid="1" />
                <SequencePoint vc="1" uspid="6" ordinal="1" offset="1" sl="14" sc="13" el="14" ec="58" bec="0" bev="0" fileid="1" />
                <SequencePoint vc="1" uspid="7" ordinal="2" offset="17" sl="16" sc="13" el="16" ec="27" bec="0" bev="0" fileid="1" />
                <SequencePoint vc="1" uspid="8" ordinal="3" offset="21" sl="17" sc="9" el="17" ec="10" bec="0" bev="0" fileid="1" />
              </SequencePoints>
              <BranchPoints />
              <MethodPoint xsi:type="SequencePoint" vc="1" uspid="5" ordinal="0" offset="0" sl="13" sc="9" el="13" ec="10" bec="0" bev="0" fileid="1" />
            </Method>
          </Methods>
        </Class>
      </Classes>
    </Module>
    <Module skippedDueTo="Filter" hash="8C-78-21-FE-4C-F1-66-9F-06-0A-4E-AA-35-D3-EB-7C-E6-2B-D1-33">
      <ModulePath>C:\Users\guy\dev\SomeCompany.DemoLibrary\SomeCompany.DemoLibrary.Tests\bin\Debug\NSubstitute.dll</ModulePath>
      <ModuleTime>2016-03-22T22:14:02Z</ModuleTime>
      <ModuleName>NSubstitute</ModuleName>
      <Classes />
    </Module>
    <Module skippedDueTo="Filter" hash="B9-F7-E8-09-CF-5F-7E-24-28-3E-A6-1E-D9-ED-7F-AF-AC-49-0D-46">
      <ModulePath>C:\Windows\Microsoft.Net\assembly\GAC_MSIL\System.ServiceModel\v4.0_4.0.0.0__b77a5c561934e089\System.ServiceModel.dll</ModulePath>
      <ModuleTime>2016-03-10T10:24:24.895292Z</ModuleTime>
      <ModuleName>System.ServiceModel</ModuleName>
      <Classes />
    </Module>
    <Module skippedDueTo="Filter" hash="9C-DB-95-DC-25-D5-38-7E-C2-3A-20-8F-14-5D-A9-56-2A-D7-00-E3">
      <ModulePath>C:\Windows\Microsoft.Net\assembly\GAC_MSIL\System.Configuration\v4.0_4.0.0.0__b03f5f7f11d50a3a\System.Configuration.dll</ModulePath>
      <ModuleTime>2016-03-10T10:24:24.9702848Z</ModuleTime>
      <ModuleName>System.Configuration</ModuleName>
      <Classes />
    </Module>
    <Module skippedDueTo="Filter" hash="">
      <ModulePath>RefEmit_InMemoryManifestModule</ModulePath>
      <ModuleTime>0001-01-01T00:00:00</ModuleTime>
      <ModuleName>DynamicProxyGenAssembly2</ModuleName>
      <Classes />
    </Module>
    <Module skippedDueTo="Filter" hash="">
      <ModulePath>RefEmit_InMemoryManifestModule</ModulePath>
      <ModuleTime>0001-01-01T00:00:00</ModuleTime>
      <ModuleName>DynamicProxyGenAssembly2</ModuleName>
      <Classes />
    </Module>
  </Modules>
</CoverageSession>